<area shape="rect" href="$classcom_1_1xuggle_1_1ferry_1_1RefPointer.html" title="com::xuggle::ferry::RefPointer\&lt; com::xuggle::xuggler::IMetaData \&gt;" alt="" coords="645,25,1088,52">
<area shape="rect" href="$classcom_1_1xuggle_1_1ferry_1_1RefPointer.html" title="com::xuggle::ferry::RefPointer\&lt; com::xuggle::xuggler::IContainerParameters \&gt;" alt="" coords="608,76,1125,102">
<area shape="rect" href="$classcom_1_1xuggle_1_1ferry_1_1RefPointer.html" title="com::xuggle::ferry::RefPointer\&lt; com::xuggle::xuggler::IRational \&gt;" alt="" coords="651,126,1083,153">
<area shape="rect" href="$classcom_1_1xuggle_1_1ferry_1_1RefPointer.html" title="com::xuggle::ferry::RefPointer\&lt; com::xuggle::ferry::IBuffer \&gt;" alt="" coords="667,177,1067,204">
<area shape="rect" href="$classcom_1_1xuggle_1_1ferry_1_1RefPointer.html" title="com::xuggle::ferry::RefPointer\&lt; com::xuggle::xuggler::Codec \&gt;" alt="" coords="657,228,1076,254">
<area shape="rect" href="$classcom_1_1xuggle_1_1ferry_1_1RefPointer.html" title="com::xuggle::ferry::RefPointer\&lt; com::xuggle::xuggler::IMediaData \&gt;" alt="" coords="641,278,1092,305">
<area shape="rect" href="$classcom_1_1xuggle_1_1ferry_1_1RefPointer.html" title="com::xuggle::ferry::RefPointer\&lt; com::xuggle::xuggler::Stream \&gt;" alt="" coords="653,329,1080,356">
