<area shape="rect" href="$classcom_1_1xuggle_1_1xuggler_1_1IPacket.html" title="Represents an encoded piece of data that can be placed in an IContainer for a given..." alt="" coords="1235,109,1443,136">
<area shape="rect" href="$classcom_1_1xuggle_1_1xuggler_1_1IMediaData.html" title="The parent class of all media objects than can be gotten from an IStream." alt="" coords="659,109,893,136">
<area shape="rect" href="$classcom_1_1xuggle_1_1ferry_1_1RefCounted.html" title="Parent of all Ferry objects &#45;&#45; it mains reference counts in native code." alt="" coords="357,80,573,106">
<area shape="rect" href="$classcom_1_1xuggle_1_1ferry_1_1IBuffer.html" title="Allows Java code to get data from a native buffers, and optionally modify native..." alt="" coords="684,58,868,85">
<area shape="rect" href="$classcom_1_1xuggle_1_1ferry_1_1AtomicInteger.html" title="Internal only." alt="" coords="7,80,239,106">
<area shape="rect" href="$classcom_1_1xuggle_1_1ferry_1_1RefPointer.html" title="com::xuggle::ferry::RefPointer\&lt; com::xuggle::ferry::IBuffer \&gt;" alt="" coords="1139,58,1539,85">
<area shape="rect" href="$classcom_1_1xuggle_1_1ferry_1_1RefPointer.html" title="This class is only useful from C++." alt="" coords="655,8,897,34">
