<area shape="rect" href="$Logger_8h.html" title="com/xuggle/ferry/Logger.h" alt="" coords="43,84,229,110">
<area shape="rect" href="$RefPointer_8h.html" title="com/xuggle/ferry/RefPointer.h" alt="" coords="2845,84,3053,110">
<area shape="rect" href="$Global_8h.html" title="com/xuggle/xuggler/Global.h" alt="" coords="1731,84,1933,110">
<area shape="rect" href="$Codec_8h.html" title="com/xuggle/xuggler/Codec.h" alt="" coords="2439,161,2641,188">
<area shape="rect" href="$ContainerFormat_8h.html" title="com/xuggle/xuggler/ContainerFormat.h" alt="" coords="2665,161,2935,188">
<area shape="rect" href="$Ferry_8h.html" title="com/xuggle/ferry/Ferry.h" alt="" coords="1155,702,1328,729">
<area shape="rect" href="$Mutex_8h.html" title="com/xuggle/ferry/Mutex.h" alt="" coords="173,161,357,188">
<area shape="rect" href="$Xuggle_8h.html" title="com/xuggle/Xuggle.h" alt="" coords="1247,780,1401,806">
<area shape="rect" href="$RefCounted_8h.html" title="com/xuggle/ferry/RefCounted.h" alt="" coords="1839,625,2055,652">
<area shape="rect" href="$Xuggler_8h.html" title="com/xuggle/xuggler/Xuggler.h" alt="" coords="1324,625,1532,652">
<area shape="rect" href="$IContainer_8h.html" title="com/xuggle/xuggler/IContainer.h" alt="" coords="1639,161,1865,188">
<area shape="rect" href="$ICodec_8h.html" title="com/xuggle/xuggler/ICodec.h" alt="" coords="2176,316,2381,342">
<area shape="rect" href="$IRational_8h.html" title="com/xuggle/xuggler/IRational.h" alt="" coords="1592,548,1808,574">
<area shape="rect" href="$IAudioSamples_8h.html" title="com/xuggle/xuggler/IAudioSamples.h" alt="" coords="1047,393,1303,420">
<area shape="rect" href="$IContainerFormat_8h.html" title="com/xuggle/xuggler/IContainerFormat.h" alt="" coords="2377,238,2649,265">
<area shape="rect" href="$IVideoPicture_8h.html" title="com/xuggle/xuggler/IVideoPicture.h" alt="" coords="1377,393,1623,420">
<area shape="rect" href="$IAudioResampler_8h.html" title="com/xuggle/xuggler/IAudioResampler.h" alt="" coords="793,316,1060,342">
<area shape="rect" href="$IVideoResampler_8h.html" title="com/xuggle/xuggler/IVideoResampler.h" alt="" coords="1784,316,2051,342">
<area shape="rect" href="$IMediaDataWrapper_8h.html" title="com/xuggle/xuggler/IMediaDataWrapper.h" alt="" coords="353,393,639,420">
<area shape="rect" href="$IBuffer_8h.html" title="com/xuggle/ferry/IBuffer.h" alt="" coords="1096,548,1280,574">
<area shape="rect" href="$IContainerParameters_8h.html" title="com/xuggle/xuggler/IContainerParameters.h" alt="" coords="1580,470,1881,497">
<area shape="rect" href="$IStream_8h.html" title="com/xuggle/xuggler/IStream.h" alt="" coords="1355,548,1568,574">
<area shape="rect" href="$IPacket_8h.html" title="com/xuggle/xuggler/IPacket.h" alt="" coords="815,393,1023,420">
<area shape="rect" href="$IProperty_8h.html" title="com/xuggle/xuggler/IProperty.h" alt="" coords="2108,470,2324,497">
<area shape="rect" href="$IPixelFormat_8h.html" title="com/xuggle/xuggler/IPixelFormat.h" alt="" coords="1984,548,2224,574">
<area shape="rect" href="$IMediaData_8h.html" title="com/xuggle/xuggler/IMediaData.h" alt="" coords="916,470,1151,497">
