<area shape="rect" href="$JNIHelper_8h.html" title="com/xuggle/ferry/JNIHelper.h" alt="" coords="445,161,645,188">
<area shape="rect" href="$Logger_8h.html" title="com/xuggle/ferry/Logger.h" alt="" coords="249,84,436,110">
<area shape="rect" href="$Container_8h.html" title="com/xuggle/xuggler/Container.h" alt="" coords="1948,84,2172,110">
<area shape="rect" href="$IBuffer_8h.html" title="com/xuggle/ferry/IBuffer.h" alt="" coords="697,548,881,574">
<area shape="rect" href="$Stream_8h.html" title="com/xuggle/xuggler/Stream.h" alt="" coords="2771,238,2981,265">
<area shape="rect" href="$ContainerFormat_8h.html" title="com/xuggle/xuggler/ContainerFormat.h" alt="" coords="2656,161,2925,188">
<area shape="rect" href="$ContainerParameters_8h.html" title="com/xuggle/xuggler/ContainerParameters.h" alt="" coords="3005,238,3304,265">
<area shape="rect" href="$Packet_8h.html" title="com/xuggle/xuggler/Packet.h" alt="" coords="1720,238,1923,265">
<area shape="rect" href="$Global_8h.html" title="com/xuggle/xuggler/Global.h" alt="" coords="1303,84,1505,110">
<area shape="rect" href="$Property_8h.html" title="com/xuggle/xuggler/Property.h" alt="" coords="3491,316,3704,342">
<area shape="rect" href="$MetaData_8h.html" title="com/xuggle/xuggler/MetaData.h" alt="" coords="3531,238,3755,265">
<area shape="rect" href="$Ferry_8h.html" title="com/xuggle/ferry/Ferry.h" alt="" coords="297,702,471,729">
<area shape="rect" href="$Xuggle_8h.html" title="com/xuggle/Xuggle.h" alt="" coords="1109,780,1264,806">
<area shape="rect" href="$Mutex_8h.html" title="com/xuggle/ferry/Mutex.h" alt="" coords="187,161,371,188">
<area shape="rect" href="$RefCounted_8h.html" title="com/xuggle/ferry/RefCounted.h" alt="" coords="960,625,1176,652">
<area shape="rect" href="$RefPointer_8h.html" title="com/xuggle/ferry/RefPointer.h" alt="" coords="1219,316,1427,342">
<area shape="rect" href="$IContainer_8h.html" title="com/xuggle/xuggler/IContainer.h" alt="" coords="1947,161,2173,188">
<area shape="rect" href="$StreamCoder_8h.html" title="com/xuggle/xuggler/StreamCoder.h" alt="" coords="2197,161,2445,188">
<area shape="rect" href="$Xuggler_8h.html" title="com/xuggle/xuggler/Xuggler.h" alt="" coords="2705,625,2913,652">
<area shape="rect" href="$ICodec_8h.html" title="com/xuggle/xuggler/ICodec.h" alt="" coords="1893,316,2099,342">
<area shape="rect" href="$IContainerParameters_8h.html" title="com/xuggle/xuggler/IContainerParameters.h" alt="" coords="2445,393,2747,420">
<area shape="rect" href="$IContainerFormat_8h.html" title="com/xuggle/xuggler/IContainerFormat.h" alt="" coords="1997,238,2269,265">
<area shape="rect" href="$IStream_8h.html" title="com/xuggle/xuggler/IStream.h" alt="" coords="3176,548,3389,574">
<area shape="rect" href="$IPacket_8h.html" title="com/xuggle/xuggler/IPacket.h" alt="" coords="2224,316,2432,342">
<area shape="rect" href="$IProperty_8h.html" title="com/xuggle/xuggler/IProperty.h" alt="" coords="3075,393,3291,420">
<area shape="rect" href="$IRational_8h.html" title="com/xuggle/xuggler/IRational.h" alt="" coords="2063,548,2279,574">
<area shape="rect" href="$IPixelFormat_8h.html" title="com/xuggle/xuggler/IPixelFormat.h" alt="" coords="1843,470,2083,497">
<area shape="rect" href="$IAudioSamples_8h.html" title="com/xuggle/xuggler/IAudioSamples.h" alt="" coords="1131,393,1387,420">
<area shape="rect" href="$IMediaData_8h.html" title="com/xuggle/xuggler/IMediaData.h" alt="" coords="1432,470,1667,497">
<area shape="rect" href="$IMetaData_8h.html" title="com/xuggle/xuggler/IMetaData.h" alt="" coords="3413,548,3640,574">
<area shape="rect" href="$IStreamCoder_8h.html" title="com/xuggle/xuggler/IStreamCoder.h" alt="" coords="2344,238,2595,265">
<area shape="rect" href="$IVideoPicture_8h.html" title="com/xuggle/xuggler/IVideoPicture.h" alt="" coords="1563,393,1808,420">
<area shape="rect" href="$IAudioResampler_8h.html" title="com/xuggle/xuggler/IAudioResampler.h" alt="" coords="827,316,1093,342">
<area shape="rect" href="$IVideoResampler_8h.html" title="com/xuggle/xuggler/IVideoResampler.h" alt="" coords="1603,316,1869,342">
<area shape="rect" href="$IMediaDataWrapper_8h.html" title="com/xuggle/xuggler/IMediaDataWrapper.h" alt="" coords="2035,393,2320,420">
<area shape="rect" href="$FfmpegIncludes_8h.html" title="FfmpegIncludes.h" alt="" coords="3985,393,4119,420">
