<area shape="rect" href="$IAudioSamples_8cpp.html" title="csrc/com/xuggle/xuggler/IAudioSamples.cpp" alt="" coords="5,84,307,111">
<area shape="rect" href="$ICodec_8cpp.html" title="csrc/com/xuggle/xuggler/ICodec.cpp" alt="" coords="331,84,581,111">
<area shape="rect" href="$IContainerFormat_8cpp.html" title="csrc/com/xuggle/xuggler/IContainerFormat.cpp" alt="" coords="605,84,923,111">
<area shape="rect" href="$Property_8cpp.html" title="csrc/com/xuggle/xuggler/Property.cpp" alt="" coords="703,162,961,188">
<area shape="rect" href="$Property_8h.html" title="csrc/com/xuggle/xuggler/Property.h" alt="" coords="997,84,1240,111">
<area shape="rect" href="$Stream_8cpp.html" title="csrc/com/xuggle/xuggler/Stream.cpp" alt="" coords="1264,84,1520,111">
<area shape="rect" href="$Container_8cpp.html" title="csrc/com/xuggle/xuggler/Container.cpp" alt="" coords="985,162,1252,188">
<area shape="rect" href="$StreamCoder_8cpp.html" title="csrc/com/xuggle/xuggler/StreamCoder.cpp" alt="" coords="1276,162,1567,188">
<area shape="rect" href="$VideoResampler_8cpp.html" title="csrc/com/xuggle/xuggler/VideoResampler.cpp" alt="" coords="1591,162,1900,188">
