<area shape="rect" href="$AudioResampler_8cpp.html" title="csrc/com/xuggle/xuggler/AudioResampler.cpp" alt="" coords="5,84,315,110">
<area shape="rect" href="$AudioSamples_8cpp.html" title="csrc/com/xuggle/xuggler/AudioSamples.cpp" alt="" coords="339,84,637,110">
<area shape="rect" href="$Codec_8cpp.html" title="csrc/com/xuggle/xuggler/Codec.cpp" alt="" coords="661,84,909,110">
<area shape="rect" href="$Container_8cpp.html" title="csrc/com/xuggle/xuggler/Container.cpp" alt="" coords="933,84,1200,110">
<area shape="rect" href="$Global_8cpp.html" title="csrc/com/xuggle/xuggler/Global.cpp" alt="" coords="1224,84,1472,110">
<area shape="rect" href="$IAudioSamples_8cpp.html" title="csrc/com/xuggle/xuggler/IAudioSamples.cpp" alt="" coords="1496,84,1797,110">
<area shape="rect" href="$ICodec_8cpp.html" title="csrc/com/xuggle/xuggler/ICodec.cpp" alt="" coords="1821,84,2072,110">
<area shape="rect" href="$IContainer_8cpp.html" title="csrc/com/xuggle/xuggler/IContainer.cpp" alt="" coords="2096,84,2368,110">
<area shape="rect" href="$IContainerFormat_8cpp.html" title="csrc/com/xuggle/xuggler/IContainerFormat.cpp" alt="" coords="2392,84,2709,110">
<area shape="rect" href="$IMediaDataWrapper_8cpp.html" title="csrc/com/xuggle/xuggler/IMediaDataWrapper.cpp" alt="" coords="2733,84,3064,110">
<area shape="rect" href="$IPacket_8cpp.html" title="csrc/com/xuggle/xuggler/IPacket.cpp" alt="" coords="3088,84,3339,110">
<area shape="rect" href="$IRational_8cpp.html" title="csrc/com/xuggle/xuggler/IRational.cpp" alt="" coords="3363,84,3624,110">
<area shape="rect" href="$IStreamCoder_8cpp.html" title="csrc/com/xuggle/xuggler/IStreamCoder.cpp" alt="" coords="3648,84,3944,110">
<area shape="rect" href="$IVideoPicture_8cpp.html" title="csrc/com/xuggle/xuggler/IVideoPicture.cpp" alt="" coords="3968,84,4259,110">
<area shape="rect" href="$IVideoResampler_8cpp.html" title="csrc/com/xuggle/xuggler/IVideoResampler.cpp" alt="" coords="4283,84,4595,110">
<area shape="rect" href="$MediaDataWrapper_8cpp.html" title="csrc/com/xuggle/xuggler/MediaDataWrapper.cpp" alt="" coords="4619,84,4947,110">
<area shape="rect" href="$Stream_8cpp.html" title="csrc/com/xuggle/xuggler/Stream.cpp" alt="" coords="4971,84,5227,110">
<area shape="rect" href="$StreamCoder_8cpp.html" title="csrc/com/xuggle/xuggler/StreamCoder.cpp" alt="" coords="5251,84,5541,110">
<area shape="rect" href="$VideoPicture_8cpp.html" title="csrc/com/xuggle/xuggler/VideoPicture.cpp" alt="" coords="5565,84,5853,110">
