<area shape="rect" href="$AudioSamples_8h.html" title="csrc/com/xuggle/xuggler/AudioSamples.h" alt="" coords="1831,316,2113,342">
<area shape="rect" href="$IAudioSamples_8cpp.html" title="csrc/com/xuggle/xuggler/IAudioSamples.cpp" alt="" coords="5,393,307,420">
<area shape="rect" href="$Global_8h.html" title="csrc/com/xuggle/xuggler/Global.h" alt="" coords="3328,316,3560,342">
<area shape="rect" href="$IAudioResampler_8h.html" title="csrc/com/xuggle/xuggler/IAudioResampler.h" alt="" coords="3040,238,3336,265">
<area shape="rect" href="$ICodec_8h.html" title="csrc/com/xuggle/xuggler/ICodec.h" alt="" coords="4087,84,4321,110">
<area shape="rect" href="$IStreamCoder_8h.html" title="csrc/com/xuggle/xuggler/IStreamCoder.h" alt="" coords="5068,161,5348,188">
<area shape="rect" href="$AudioResampler_8cpp.html" title="csrc/com/xuggle/xuggler/AudioResampler.cpp" alt="" coords="653,393,963,420">
<area shape="rect" href="$AudioSamples_8cpp.html" title="csrc/com/xuggle/xuggler/AudioSamples.cpp" alt="" coords="331,393,629,420">
<area shape="rect" href="$Global_8cpp.html" title="csrc/com/xuggle/xuggler/Global.cpp" alt="" coords="3864,393,4112,420">
<area shape="rect" href="$StreamCoder_8cpp.html" title="csrc/com/xuggle/xuggler/StreamCoder.cpp" alt="" coords="3549,393,3840,420">
<area shape="rect" href="$Codec_8cpp.html" title="csrc/com/xuggle/xuggler/Codec.cpp" alt="" coords="4411,393,4659,420">
<area shape="rect" href="$Container_8cpp.html" title="csrc/com/xuggle/xuggler/Container.cpp" alt="" coords="5363,393,5629,420">
<area shape="rect" href="$ICodec_8cpp.html" title="csrc/com/xuggle/xuggler/ICodec.cpp" alt="" coords="4136,393,4387,420">
<area shape="rect" href="$IContainer_8cpp.html" title="csrc/com/xuggle/xuggler/IContainer.cpp" alt="" coords="5653,393,5925,420">
<area shape="rect" href="$IContainerFormat_8cpp.html" title="csrc/com/xuggle/xuggler/IContainerFormat.cpp" alt="" coords="4683,393,5000,420">
<area shape="rect" href="$IMediaDataWrapper_8cpp.html" title="csrc/com/xuggle/xuggler/IMediaDataWrapper.cpp" alt="" coords="1960,393,2291,420">
<area shape="rect" href="$IPacket_8cpp.html" title="csrc/com/xuggle/xuggler/IPacket.cpp" alt="" coords="2315,393,2565,420">
<area shape="rect" href="$IRational_8cpp.html" title="csrc/com/xuggle/xuggler/IRational.cpp" alt="" coords="987,393,1248,420">
<area shape="rect" href="$IStreamCoder_8cpp.html" title="csrc/com/xuggle/xuggler/IStreamCoder.cpp" alt="" coords="6229,393,6525,420">
<area shape="rect" href="$IVideoPicture_8cpp.html" title="csrc/com/xuggle/xuggler/IVideoPicture.cpp" alt="" coords="2901,393,3192,420">
<area shape="rect" href="$IVideoResampler_8cpp.html" title="csrc/com/xuggle/xuggler/IVideoResampler.cpp" alt="" coords="1272,393,1584,420">
<area shape="rect" href="$MediaDataWrapper_8cpp.html" title="csrc/com/xuggle/xuggler/MediaDataWrapper.cpp" alt="" coords="1608,393,1936,420">
<area shape="rect" href="$Stream_8cpp.html" title="csrc/com/xuggle/xuggler/Stream.cpp" alt="" coords="5949,393,6205,420">
<area shape="rect" href="$VideoPicture_8cpp.html" title="csrc/com/xuggle/xuggler/VideoPicture.cpp" alt="" coords="2589,393,2877,420">
<area shape="rect" href="$AudioResampler_8h.html" title="csrc/com/xuggle/xuggler/AudioResampler.h" alt="" coords="2675,316,2968,342">
<area shape="rect" href="$IAudioResampler_8cpp.html" title="csrc/com/xuggle/xuggler/IAudioResampler.cpp" alt="" coords="2992,316,3304,342">
<area shape="rect" href="$Codec_8h.html" title="csrc/com/xuggle/xuggler/Codec.h" alt="" coords="3999,316,4231,342">
<area shape="rect" href="$IContainer_8h.html" title="csrc/com/xuggle/xuggler/IContainer.h" alt="" coords="4759,238,5015,265">
<area shape="rect" href="$IContainerFormat_8h.html" title="csrc/com/xuggle/xuggler/IContainerFormat.h" alt="" coords="4313,161,4617,188">
<area shape="rect" href="$VideoPicture_8h.html" title="csrc/com/xuggle/xuggler/VideoPicture.h" alt="" coords="3584,316,3856,342">
<area shape="rect" href="$Container_8h.html" title="csrc/com/xuggle/xuggler/Container.h" alt="" coords="5369,316,5623,342">
<area shape="rect" href="$ContainerFormat_8h.html" title="csrc/com/xuggle/xuggler/ContainerFormat.h" alt="" coords="4385,316,4684,342">
<area shape="rect" href="$ContainerFormat_8cpp.html" title="csrc/com/xuggle/xuggler/ContainerFormat.cpp" alt="" coords="5024,393,5339,420">
<area shape="rect" href="$StreamCoder_8h.html" title="csrc/com/xuggle/xuggler/StreamCoder.h" alt="" coords="5357,238,5635,265">
<area shape="rect" href="$VideoResampler_8cpp.html" title="csrc/com/xuggle/xuggler/VideoResampler.cpp" alt="" coords="3216,393,3525,420">
