<area shape="rect" href="$Codec_8h.html" title="csrc/com/xuggle/xuggler/Codec.h" alt="" coords="1165,238,1397,265">
<area shape="rect" href="$ICodec_8cpp.html" title="csrc/com/xuggle/xuggler/ICodec.cpp" alt="" coords="5,316,256,342">
<area shape="rect" href="$Global_8h.html" title="csrc/com/xuggle/xuggler/Global.h" alt="" coords="2485,238,2717,265">
<area shape="rect" href="$IContainer_8h.html" title="csrc/com/xuggle/xuggler/IContainer.h" alt="" coords="2085,161,2341,188">
<area shape="rect" href="$IContainerFormat_8h.html" title="csrc/com/xuggle/xuggler/IContainerFormat.h" alt="" coords="2227,84,2531,110">
<area shape="rect" href="$IStreamCoder_8h.html" title="csrc/com/xuggle/xuggler/IStreamCoder.h" alt="" coords="4580,84,4860,110">
<area shape="rect" href="$VideoPicture_8h.html" title="csrc/com/xuggle/xuggler/VideoPicture.h" alt="" coords="5084,238,5356,265">
<area shape="rect" href="$Codec_8cpp.html" title="csrc/com/xuggle/xuggler/Codec.cpp" alt="" coords="280,316,528,342">
<area shape="rect" href="$Global_8cpp.html" title="csrc/com/xuggle/xuggler/Global.cpp" alt="" coords="1187,316,1435,342">
<area shape="rect" href="$StreamCoder_8cpp.html" title="csrc/com/xuggle/xuggler/StreamCoder.cpp" alt="" coords="4955,316,5245,342">
<area shape="rect" href="$AudioResampler_8cpp.html" title="csrc/com/xuggle/xuggler/AudioResampler.cpp" alt="" coords="1749,316,2059,342">
<area shape="rect" href="$AudioSamples_8cpp.html" title="csrc/com/xuggle/xuggler/AudioSamples.cpp" alt="" coords="2083,316,2381,342">
<area shape="rect" href="$Container_8cpp.html" title="csrc/com/xuggle/xuggler/Container.cpp" alt="" coords="1459,316,1725,342">
<area shape="rect" href="$IAudioSamples_8cpp.html" title="csrc/com/xuggle/xuggler/IAudioSamples.cpp" alt="" coords="2405,316,2707,342">
<area shape="rect" href="$IContainer_8cpp.html" title="csrc/com/xuggle/xuggler/IContainer.cpp" alt="" coords="891,316,1163,342">
<area shape="rect" href="$IContainerFormat_8cpp.html" title="csrc/com/xuggle/xuggler/IContainerFormat.cpp" alt="" coords="2731,316,3048,342">
<area shape="rect" href="$IMediaDataWrapper_8cpp.html" title="csrc/com/xuggle/xuggler/IMediaDataWrapper.cpp" alt="" coords="3072,316,3403,342">
<area shape="rect" href="$IPacket_8cpp.html" title="csrc/com/xuggle/xuggler/IPacket.cpp" alt="" coords="3427,316,3677,342">
<area shape="rect" href="$IRational_8cpp.html" title="csrc/com/xuggle/xuggler/IRational.cpp" alt="" coords="3701,316,3963,342">
<area shape="rect" href="$IStreamCoder_8cpp.html" title="csrc/com/xuggle/xuggler/IStreamCoder.cpp" alt="" coords="5269,316,5565,342">
<area shape="rect" href="$IVideoPicture_8cpp.html" title="csrc/com/xuggle/xuggler/IVideoPicture.cpp" alt="" coords="5589,316,5880,342">
<area shape="rect" href="$IVideoResampler_8cpp.html" title="csrc/com/xuggle/xuggler/IVideoResampler.cpp" alt="" coords="3987,316,4299,342">
<area shape="rect" href="$MediaDataWrapper_8cpp.html" title="csrc/com/xuggle/xuggler/MediaDataWrapper.cpp" alt="" coords="4323,316,4651,342">
<area shape="rect" href="$Stream_8cpp.html" title="csrc/com/xuggle/xuggler/Stream.cpp" alt="" coords="4675,316,4931,342">
<area shape="rect" href="$VideoPicture_8cpp.html" title="csrc/com/xuggle/xuggler/VideoPicture.cpp" alt="" coords="5904,316,6192,342">
<area shape="rect" href="$Container_8h.html" title="csrc/com/xuggle/xuggler/Container.h" alt="" coords="1892,238,2145,265">
<area shape="rect" href="$ContainerFormat_8h.html" title="csrc/com/xuggle/xuggler/ContainerFormat.h" alt="" coords="1472,238,1771,265">
<area shape="rect" href="$ContainerFormat_8cpp.html" title="csrc/com/xuggle/xuggler/ContainerFormat.cpp" alt="" coords="552,316,867,342">
<area shape="rect" href="$StreamCoder_8h.html" title="csrc/com/xuggle/xuggler/StreamCoder.h" alt="" coords="4757,161,5035,188">
<area shape="rect" href="$VideoResampler_8cpp.html" title="csrc/com/xuggle/xuggler/VideoResampler.cpp" alt="" coords="6216,316,6525,342">
