<area shape="rect" href="$Codec_8h.html" title="csrc/com/xuggle/xuggler/Codec.h" alt="" coords="1416,161,1648,188">
<area shape="rect" href="$ContainerFormat_8h.html" title="csrc/com/xuggle/xuggler/ContainerFormat.h" alt="" coords="835,161,1133,188">
<area shape="rect" href="$IContainerFormat_8cpp.html" title="csrc/com/xuggle/xuggler/IContainerFormat.cpp" alt="" coords="344,239,661,265">
<area shape="rect" href="$Global_8h.html" title="csrc/com/xuggle/xuggler/Global.h" alt="" coords="2735,161,2967,188">
<area shape="rect" href="$IContainer_8h.html" title="csrc/com/xuggle/xuggler/IContainer.h" alt="" coords="2035,84,2291,111">
<area shape="rect" href="$Codec_8cpp.html" title="csrc/com/xuggle/xuggler/Codec.cpp" alt="" coords="685,239,933,265">
<area shape="rect" href="$Global_8cpp.html" title="csrc/com/xuggle/xuggler/Global.cpp" alt="" coords="957,239,1205,265">
<area shape="rect" href="$ICodec_8cpp.html" title="csrc/com/xuggle/xuggler/ICodec.cpp" alt="" coords="1835,239,2085,265">
<area shape="rect" href="$StreamCoder_8cpp.html" title="csrc/com/xuggle/xuggler/StreamCoder.cpp" alt="" coords="1520,239,1811,265">
<area shape="rect" href="$Container_8cpp.html" title="csrc/com/xuggle/xuggler/Container.cpp" alt="" coords="1229,239,1496,265">
<area shape="rect" href="$ContainerFormat_8cpp.html" title="csrc/com/xuggle/xuggler/ContainerFormat.cpp" alt="" coords="5,239,320,265">
<area shape="rect" href="$AudioResampler_8cpp.html" title="csrc/com/xuggle/xuggler/AudioResampler.cpp" alt="" coords="5235,239,5544,265">
<area shape="rect" href="$AudioSamples_8cpp.html" title="csrc/com/xuggle/xuggler/AudioSamples.cpp" alt="" coords="5568,239,5867,265">
<area shape="rect" href="$IAudioSamples_8cpp.html" title="csrc/com/xuggle/xuggler/IAudioSamples.cpp" alt="" coords="5891,239,6192,265">
<area shape="rect" href="$IContainer_8cpp.html" title="csrc/com/xuggle/xuggler/IContainer.cpp" alt="" coords="2109,239,2381,265">
<area shape="rect" href="$IMediaDataWrapper_8cpp.html" title="csrc/com/xuggle/xuggler/IMediaDataWrapper.cpp" alt="" coords="2685,239,3016,265">
<area shape="rect" href="$IPacket_8cpp.html" title="csrc/com/xuggle/xuggler/IPacket.cpp" alt="" coords="3040,239,3291,265">
<area shape="rect" href="$IRational_8cpp.html" title="csrc/com/xuggle/xuggler/IRational.cpp" alt="" coords="3315,239,3576,265">
<area shape="rect" href="$IStreamCoder_8cpp.html" title="csrc/com/xuggle/xuggler/IStreamCoder.cpp" alt="" coords="3600,239,3896,265">
<area shape="rect" href="$IVideoPicture_8cpp.html" title="csrc/com/xuggle/xuggler/IVideoPicture.cpp" alt="" coords="3920,239,4211,265">
<area shape="rect" href="$IVideoResampler_8cpp.html" title="csrc/com/xuggle/xuggler/IVideoResampler.cpp" alt="" coords="4235,239,4547,265">
<area shape="rect" href="$MediaDataWrapper_8cpp.html" title="csrc/com/xuggle/xuggler/MediaDataWrapper.cpp" alt="" coords="4571,239,4899,265">
<area shape="rect" href="$Stream_8cpp.html" title="csrc/com/xuggle/xuggler/Stream.cpp" alt="" coords="2405,239,2661,265">
<area shape="rect" href="$VideoPicture_8cpp.html" title="csrc/com/xuggle/xuggler/VideoPicture.cpp" alt="" coords="4923,239,5211,265">
<area shape="rect" href="$Container_8h.html" title="csrc/com/xuggle/xuggler/Container.h" alt="" coords="1955,161,2208,188">
