<area shape="rect" href="$IMetaData_8cpp.html" title="csrc/com/xuggle/xuggler/IMetaData.cpp" alt="" coords="5,161,277,188">
<area shape="rect" href="$MetaData_8h.html" title="csrc/com/xuggle/xuggler/MetaData.h" alt="" coords="333,84,589,110">
<area shape="rect" href="$Stream_8h.html" title="csrc/com/xuggle/xuggler/Stream.h" alt="" coords="640,84,880,110">
<area shape="rect" href="$Container_8cpp.html" title="csrc/com/xuggle/xuggler/Container.cpp" alt="" coords="475,316,741,342">
<area shape="rect" href="$MetaData_8cpp.html" title="csrc/com/xuggle/xuggler/MetaData.cpp" alt="" coords="301,161,571,188">
<area shape="rect" href="$Stream_8cpp.html" title="csrc/com/xuggle/xuggler/Stream.cpp" alt="" coords="765,316,1021,342">
<area shape="rect" href="$Container_8h.html" title="csrc/com/xuggle/xuggler/Container.h" alt="" coords="1483,238,1736,265">
<area shape="rect" href="$StreamCoder_8h.html" title="csrc/com/xuggle/xuggler/StreamCoder.h" alt="" coords="855,161,1132,188">
<area shape="rect" href="$Global_8cpp.html" title="csrc/com/xuggle/xuggler/Global.cpp" alt="" coords="1343,316,1591,342">
<area shape="rect" href="$IContainer_8cpp.html" title="csrc/com/xuggle/xuggler/IContainer.cpp" alt="" coords="1615,316,1887,342">
<area shape="rect" href="$IStreamCoder_8cpp.html" title="csrc/com/xuggle/xuggler/IStreamCoder.cpp" alt="" coords="1163,238,1459,265">
<area shape="rect" href="$StreamCoder_8cpp.html" title="csrc/com/xuggle/xuggler/StreamCoder.cpp" alt="" coords="848,238,1139,265">
