<area shape="rect" href="$IContainer_8h.html" title="csrc/com/xuggle/xuggler/IContainer.h" alt="" coords="4192,161,4448,188">
<area shape="rect" href="$IPacket_8cpp.html" title="csrc/com/xuggle/xuggler/IPacket.cpp" alt="" coords="5555,316,5805,342">
<area shape="rect" href="$Packet_8h.html" title="csrc/com/xuggle/xuggler/Packet.h" alt="" coords="5044,238,5279,265">
<area shape="rect" href="$IStreamCoder_8h.html" title="csrc/com/xuggle/xuggler/IStreamCoder.h" alt="" coords="5209,84,5489,110">
<area shape="rect" href="$Container_8h.html" title="csrc/com/xuggle/xuggler/Container.h" alt="" coords="4340,238,4593,265">
<area shape="rect" href="$IContainer_8cpp.html" title="csrc/com/xuggle/xuggler/IContainer.cpp" alt="" coords="4101,316,4373,342">
<area shape="rect" href="$Global_8h.html" title="csrc/com/xuggle/xuggler/Global.h" alt="" coords="3051,238,3283,265">
<area shape="rect" href="$Container_8cpp.html" title="csrc/com/xuggle/xuggler/Container.cpp" alt="" coords="4397,316,4664,342">
<area shape="rect" href="$Global_8cpp.html" title="csrc/com/xuggle/xuggler/Global.cpp" alt="" coords="3829,316,4077,342">
<area shape="rect" href="$Stream_8cpp.html" title="csrc/com/xuggle/xuggler/Stream.cpp" alt="" coords="4688,316,4944,342">
<area shape="rect" href="$AudioResampler_8cpp.html" title="csrc/com/xuggle/xuggler/AudioResampler.cpp" alt="" coords="3173,316,3483,342">
<area shape="rect" href="$AudioSamples_8cpp.html" title="csrc/com/xuggle/xuggler/AudioSamples.cpp" alt="" coords="3507,316,3805,342">
<area shape="rect" href="$Codec_8cpp.html" title="csrc/com/xuggle/xuggler/Codec.cpp" alt="" coords="5,316,253,342">
<area shape="rect" href="$IAudioSamples_8cpp.html" title="csrc/com/xuggle/xuggler/IAudioSamples.cpp" alt="" coords="277,316,579,342">
<area shape="rect" href="$ICodec_8cpp.html" title="csrc/com/xuggle/xuggler/ICodec.cpp" alt="" coords="603,316,853,342">
<area shape="rect" href="$IContainerFormat_8cpp.html" title="csrc/com/xuggle/xuggler/IContainerFormat.cpp" alt="" coords="877,316,1195,342">
<area shape="rect" href="$IMediaDataWrapper_8cpp.html" title="csrc/com/xuggle/xuggler/IMediaDataWrapper.cpp" alt="" coords="1219,316,1549,342">
<area shape="rect" href="$IRational_8cpp.html" title="csrc/com/xuggle/xuggler/IRational.cpp" alt="" coords="1573,316,1835,342">
<area shape="rect" href="$IStreamCoder_8cpp.html" title="csrc/com/xuggle/xuggler/IStreamCoder.cpp" alt="" coords="5829,316,6125,342">
<area shape="rect" href="$IVideoPicture_8cpp.html" title="csrc/com/xuggle/xuggler/IVideoPicture.cpp" alt="" coords="1859,316,2149,342">
<area shape="rect" href="$IVideoResampler_8cpp.html" title="csrc/com/xuggle/xuggler/IVideoResampler.cpp" alt="" coords="2173,316,2485,342">
<area shape="rect" href="$MediaDataWrapper_8cpp.html" title="csrc/com/xuggle/xuggler/MediaDataWrapper.cpp" alt="" coords="2509,316,2837,342">
<area shape="rect" href="$StreamCoder_8cpp.html" title="csrc/com/xuggle/xuggler/StreamCoder.cpp" alt="" coords="4968,316,5259,342">
<area shape="rect" href="$VideoPicture_8cpp.html" title="csrc/com/xuggle/xuggler/VideoPicture.cpp" alt="" coords="2861,316,3149,342">
<area shape="rect" href="$Packet_8cpp.html" title="csrc/com/xuggle/xuggler/Packet.cpp" alt="" coords="5283,316,5531,342">
<area shape="rect" href="$StreamCoder_8h.html" title="csrc/com/xuggle/xuggler/StreamCoder.h" alt="" coords="4857,161,5135,188">
