<area shape="rect" href="$RefPointer_8h.html" title="com/xuggle/ferry/RefPointer.h" alt="" coords="819,84,1027,111">
<area shape="rect" href="$Logger_8h.html" title="com/xuggle/ferry/Logger.h" alt="" coords="1097,161,1284,188">
<area shape="rect" href="$IBuffer_8h.html" title="com/xuggle/ferry/IBuffer.h" alt="" coords="689,239,873,265">
<area shape="rect" href="$IVideoPicture_8h.html" title="com/xuggle/xuggler/IVideoPicture.h" alt="" coords="380,84,625,111">
<area shape="rect" href="$IPixelFormat_8h.html" title="com/xuggle/xuggler/IPixelFormat.h" alt="" coords="93,161,333,188">
<area shape="rect" href="$PixelFormat_8h.html" title="com/xuggle/xuggler/PixelFormat.h" alt="" coords="68,84,305,111">
<area shape="rect" href="$RefCounted_8h.html" title="com/xuggle/ferry/RefCounted.h" alt="" coords="528,316,744,343">
<area shape="rect" href="$Ferry_8h.html" title="com/xuggle/ferry/Ferry.h" alt="" coords="688,393,861,420">
<area shape="rect" href="$Xuggle_8h.html" title="com/xuggle/Xuggle.h" alt="" coords="491,471,645,497">
<area shape="rect" href="$Mutex_8h.html" title="com/xuggle/ferry/Mutex.h" alt="" coords="948,239,1132,265">
<area shape="rect" href="$Xuggler_8h.html" title="com/xuggle/xuggler/Xuggler.h" alt="" coords="257,316,465,343">
<area shape="rect" href="$IMediaData_8h.html" title="com/xuggle/xuggler/IMediaData.h" alt="" coords="459,161,693,188">
<area shape="rect" href="$IRational_8h.html" title="com/xuggle/xuggler/IRational.h" alt="" coords="399,239,615,265">
