<area shape="rect" href="$ICodec_8h.html" title="csrc/com/xuggle/xuggler/ICodec.h" alt="" coords="3768,84,4003,111">
<area shape="rect" href="$IStreamCoder_8h.html" title="csrc/com/xuggle/xuggler/IStreamCoder.h" alt="" coords="4072,162,4352,188">
<area shape="rect" href="$IContainerParameters_8h.html" title="csrc/com/xuggle/xuggler/IContainerParameters.h" alt="" coords="5168,162,5499,188">
<area shape="rect" href="$IPixelFormat_8cpp.html" title="csrc/com/xuggle/xuggler/IPixelFormat.cpp" alt="" coords="4376,162,4661,188">
<area shape="rect" href="$IVideoPicture_8h.html" title="csrc/com/xuggle/xuggler/IVideoPicture.h" alt="" coords="4601,84,4876,111">
<area shape="rect" href="$IVideoResampler_8h.html" title="csrc/com/xuggle/xuggler/IVideoResampler.h" alt="" coords="4888,239,5184,266">
<area shape="rect" href="$PixelFormat_8h.html" title="csrc/com/xuggle/xuggler/PixelFormat.h" alt="" coords="4260,84,4527,111">
<area shape="rect" href="$Codec_8h.html" title="csrc/com/xuggle/xuggler/Codec.h" alt="" coords="3384,316,3616,343">
<area shape="rect" href="$ICodec_8cpp.html" title="csrc/com/xuggle/xuggler/ICodec.cpp" alt="" coords="344,394,595,420">
<area shape="rect" href="$Global_8h.html" title="csrc/com/xuggle/xuggler/Global.h" alt="" coords="3676,316,3908,343">
<area shape="rect" href="$IContainer_8h.html" title="csrc/com/xuggle/xuggler/IContainer.h" alt="" coords="3923,239,4179,266">
<area shape="rect" href="$IContainerFormat_8h.html" title="csrc/com/xuggle/xuggler/IContainerFormat.h" alt="" coords="3493,162,3797,188">
<area shape="rect" href="$VideoPicture_8h.html" title="csrc/com/xuggle/xuggler/VideoPicture.h" alt="" coords="4491,316,4763,343">
<area shape="rect" href="$Codec_8cpp.html" title="csrc/com/xuggle/xuggler/Codec.cpp" alt="" coords="960,394,1208,420">
<area shape="rect" href="$Global_8cpp.html" title="csrc/com/xuggle/xuggler/Global.cpp" alt="" coords="3771,394,4019,420">
<area shape="rect" href="$StreamCoder_8cpp.html" title="csrc/com/xuggle/xuggler/StreamCoder.cpp" alt="" coords="4339,394,4629,420">
<area shape="rect" href="$AudioResampler_8cpp.html" title="csrc/com/xuggle/xuggler/AudioResampler.cpp" alt="" coords="2499,394,2808,420">
<area shape="rect" href="$AudioSamples_8cpp.html" title="csrc/com/xuggle/xuggler/AudioSamples.cpp" alt="" coords="2832,394,3131,420">
<area shape="rect" href="$Container_8cpp.html" title="csrc/com/xuggle/xuggler/Container.cpp" alt="" coords="3480,394,3747,420">
<area shape="rect" href="$IAudioSamples_8cpp.html" title="csrc/com/xuggle/xuggler/IAudioSamples.cpp" alt="" coords="3155,394,3456,420">
<area shape="rect" href="$IContainer_8cpp.html" title="csrc/com/xuggle/xuggler/IContainer.cpp" alt="" coords="4043,394,4315,420">
<area shape="rect" href="$IContainerFormat_8cpp.html" title="csrc/com/xuggle/xuggler/IContainerFormat.cpp" alt="" coords="619,394,936,420">
<area shape="rect" href="$IMediaDataWrapper_8cpp.html" title="csrc/com/xuggle/xuggler/IMediaDataWrapper.cpp" alt="" coords="1232,394,1563,420">
<area shape="rect" href="$IPacket_8cpp.html" title="csrc/com/xuggle/xuggler/IPacket.cpp" alt="" coords="1587,394,1837,420">
<area shape="rect" href="$IRational_8cpp.html" title="csrc/com/xuggle/xuggler/IRational.cpp" alt="" coords="1861,394,2123,420">
<area shape="rect" href="$IStreamCoder_8cpp.html" title="csrc/com/xuggle/xuggler/IStreamCoder.cpp" alt="" coords="5560,394,5856,420">
<area shape="rect" href="$IVideoPicture_8cpp.html" title="csrc/com/xuggle/xuggler/IVideoPicture.cpp" alt="" coords="5245,394,5536,420">
<area shape="rect" href="$IVideoResampler_8cpp.html" title="csrc/com/xuggle/xuggler/IVideoResampler.cpp" alt="" coords="6213,394,6525,420">
<area shape="rect" href="$MediaDataWrapper_8cpp.html" title="csrc/com/xuggle/xuggler/MediaDataWrapper.cpp" alt="" coords="2147,394,2475,420">
<area shape="rect" href="$Stream_8cpp.html" title="csrc/com/xuggle/xuggler/Stream.cpp" alt="" coords="4965,394,5221,420">
<area shape="rect" href="$VideoPicture_8cpp.html" title="csrc/com/xuggle/xuggler/VideoPicture.cpp" alt="" coords="4653,394,4941,420">
<area shape="rect" href="$Container_8h.html" title="csrc/com/xuggle/xuggler/Container.h" alt="" coords="4083,316,4336,343">
<area shape="rect" href="$ContainerFormat_8h.html" title="csrc/com/xuggle/xuggler/ContainerFormat.h" alt="" coords="2743,316,3041,343">
<area shape="rect" href="$ContainerFormat_8cpp.html" title="csrc/com/xuggle/xuggler/ContainerFormat.cpp" alt="" coords="5,394,320,420">
<area shape="rect" href="$StreamCoder_8h.html" title="csrc/com/xuggle/xuggler/StreamCoder.h" alt="" coords="4315,239,4592,266">
<area shape="rect" href="$VideoResampler_8cpp.html" title="csrc/com/xuggle/xuggler/VideoResampler.cpp" alt="" coords="5880,394,6189,420">
<area shape="rect" href="$ContainerParameters_8h.html" title="csrc/com/xuggle/xuggler/ContainerParameters.h" alt="" coords="5287,239,5615,266">
<area shape="rect" href="$IContainerParameters_8cpp.html" title="csrc/com/xuggle/xuggler/IContainerParameters.cpp" alt="" coords="5725,316,6072,343">
<area shape="rect" href="$ContainerParameters_8cpp.html" title="csrc/com/xuggle/xuggler/ContainerParameters.cpp" alt="" coords="5357,316,5701,343">
<area shape="rect" href="$VideoResampler_8h.html" title="csrc/com/xuggle/xuggler/VideoResampler.h" alt="" coords="4989,316,5283,343">
