<area shape="rect" href="$IStreamCoder_8h.html" title="IStreamCoder.h" alt="" coords="1399,238,1519,265">
<area shape="rect" href="$Global_8h.html" title="Global.h" alt="" coords="1561,84,1633,110">
<area shape="rect" href="$StreamCoder_8h.html" title="StreamCoder.h" alt="" coords="2689,161,2807,188">
<area shape="rect" href="$RefCounted_8h.html" title="com/xuggle/ferry/RefCounted.h" alt="" coords="2119,625,2335,652">
<area shape="rect" href="$Xuggler_8h.html" title="com/xuggle/xuggler/Xuggler.h" alt="" coords="1115,625,1323,652">
<area shape="rect" href="$ICodec_8h.html" title="com/xuggle/xuggler/ICodec.h" alt="" coords="1597,316,1803,342">
<area shape="rect" href="$IRational_8h.html" title="com/xuggle/xuggler/IRational.h" alt="" coords="1821,548,2037,574">
<area shape="rect" href="$IPixelFormat_8h.html" title="com/xuggle/xuggler/IPixelFormat.h" alt="" coords="1408,470,1648,497">
<area shape="rect" href="$IAudioSamples_8h.html" title="com/xuggle/xuggler/IAudioSamples.h" alt="" coords="555,393,811,420">
<area shape="rect" href="$IVideoPicture_8h.html" title="com/xuggle/xuggler/IVideoPicture.h" alt="" coords="835,393,1080,420">
<area shape="rect" href="$IPacket_8h.html" title="com/xuggle/xuggler/IPacket.h" alt="" coords="1112,316,1320,342">
<area shape="rect" href="$IProperty_8h.html" title="com/xuggle/xuggler/IProperty.h" alt="" coords="1987,393,2203,420">
<area shape="rect" href="$Ferry_8h.html" title="com/xuggle/ferry/Ferry.h" alt="" coords="1256,702,1429,729">
<area shape="rect" href="$Xuggle_8h.html" title="com/xuggle/Xuggle.h" alt="" coords="1203,780,1357,806">
<area shape="rect" href="$IMediaData_8h.html" title="com/xuggle/xuggler/IMediaData.h" alt="" coords="845,470,1080,497">
<area shape="rect" href="$IBuffer_8h.html" title="com/xuggle/ferry/IBuffer.h" alt="" coords="588,548,772,574">
<area shape="rect" href="$Mutex_8h.html" title="com/xuggle/ferry/Mutex.h" alt="" coords="3292,161,3476,188">
<area shape="rect" href="$IContainer_8h.html" title="com/xuggle/xuggler/IContainer.h" alt="" coords="1635,161,1861,188">
<area shape="rect" href="$IContainerFormat_8h.html" title="com/xuggle/xuggler/IContainerFormat.h" alt="" coords="2057,238,2329,265">
<area shape="rect" href="$IAudioResampler_8h.html" title="com/xuggle/xuggler/IAudioResampler.h" alt="" coords="227,316,493,342">
<area shape="rect" href="$IVideoResampler_8h.html" title="com/xuggle/xuggler/IVideoResampler.h" alt="" coords="821,316,1088,342">
<area shape="rect" href="$IMediaDataWrapper_8h.html" title="com/xuggle/xuggler/IMediaDataWrapper.h" alt="" coords="144,393,429,420">
<area shape="rect" href="$IContainerParameters_8h.html" title="com/xuggle/xuggler/IContainerParameters.h" alt="" coords="1560,393,1861,420">
<area shape="rect" href="$IStream_8h.html" title="com/xuggle/xuggler/IStream.h" alt="" coords="2416,548,2629,574">
<area shape="rect" href="$RefPointer_8h.html" title="com/xuggle/ferry/RefPointer.h" alt="" coords="2904,548,3112,574">
<area shape="rect" href="$Stream_8h.html" title="com/xuggle/xuggler/Stream.h" alt="" coords="2660,470,2871,497">
<area shape="rect" href="$IMetaData_8h.html" title="com/xuggle/xuggler/IMetaData.h" alt="" coords="2653,548,2880,574">
