<area shape="rect" href="$Global_8h.html" title="csrc/com/xuggle/xuggler/Global.h" alt="" coords="3371,161,3603,188">
<area shape="rect" href="$IVideoPicture_8cpp.html" title="csrc/com/xuggle/xuggler/IVideoPicture.cpp" alt="" coords="959,238,1249,265">
<area shape="rect" href="$IPixelFormat_8cpp.html" title="csrc/com/xuggle/xuggler/IPixelFormat.cpp" alt="" coords="3659,84,3944,110">
<area shape="rect" href="$IStreamCoder_8h.html" title="csrc/com/xuggle/xuggler/IStreamCoder.h" alt="" coords="420,84,700,110">
<area shape="rect" href="$VideoPicture_8h.html" title="csrc/com/xuggle/xuggler/VideoPicture.h" alt="" coords="1241,161,1513,188">
<area shape="rect" href="$IVideoResampler_8h.html" title="csrc/com/xuggle/xuggler/IVideoResampler.h" alt="" coords="3339,84,3635,110">
<area shape="rect" href="$AudioResampler_8cpp.html" title="csrc/com/xuggle/xuggler/AudioResampler.cpp" alt="" coords="3236,238,3545,265">
<area shape="rect" href="$AudioSamples_8cpp.html" title="csrc/com/xuggle/xuggler/AudioSamples.cpp" alt="" coords="3721,238,4020,265">
<area shape="rect" href="$Codec_8cpp.html" title="csrc/com/xuggle/xuggler/Codec.cpp" alt="" coords="4044,238,4292,265">
<area shape="rect" href="$Container_8cpp.html" title="csrc/com/xuggle/xuggler/Container.cpp" alt="" coords="2148,316,2415,342">
<area shape="rect" href="$Global_8cpp.html" title="csrc/com/xuggle/xuggler/Global.cpp" alt="" coords="2564,316,2812,342">
<area shape="rect" href="$IAudioSamples_8cpp.html" title="csrc/com/xuggle/xuggler/IAudioSamples.cpp" alt="" coords="4367,238,4668,265">
<area shape="rect" href="$ICodec_8cpp.html" title="csrc/com/xuggle/xuggler/ICodec.cpp" alt="" coords="4692,238,4943,265">
<area shape="rect" href="$IContainer_8cpp.html" title="csrc/com/xuggle/xuggler/IContainer.cpp" alt="" coords="1088,316,1360,342">
<area shape="rect" href="$IContainerFormat_8cpp.html" title="csrc/com/xuggle/xuggler/IContainerFormat.cpp" alt="" coords="4967,238,5284,265">
<area shape="rect" href="$IMediaDataWrapper_8cpp.html" title="csrc/com/xuggle/xuggler/IMediaDataWrapper.cpp" alt="" coords="1636,238,1967,265">
<area shape="rect" href="$IPacket_8cpp.html" title="csrc/com/xuggle/xuggler/IPacket.cpp" alt="" coords="2324,238,2575,265">
<area shape="rect" href="$IRational_8cpp.html" title="csrc/com/xuggle/xuggler/IRational.cpp" alt="" coords="2599,238,2860,265">
<area shape="rect" href="$IStreamCoder_8cpp.html" title="csrc/com/xuggle/xuggler/IStreamCoder.cpp" alt="" coords="324,238,620,265">
<area shape="rect" href="$IVideoResampler_8cpp.html" title="csrc/com/xuggle/xuggler/IVideoResampler.cpp" alt="" coords="5308,238,5620,265">
<area shape="rect" href="$MediaDataWrapper_8cpp.html" title="csrc/com/xuggle/xuggler/MediaDataWrapper.cpp" alt="" coords="2884,238,3212,265">
<area shape="rect" href="$Stream_8cpp.html" title="csrc/com/xuggle/xuggler/Stream.cpp" alt="" coords="45,316,301,342">
<area shape="rect" href="$StreamCoder_8cpp.html" title="csrc/com/xuggle/xuggler/StreamCoder.cpp" alt="" coords="644,238,935,265">
<area shape="rect" href="$VideoPicture_8cpp.html" title="csrc/com/xuggle/xuggler/VideoPicture.cpp" alt="" coords="1324,238,1612,265">
<area shape="rect" href="$StreamCoder_8h.html" title="csrc/com/xuggle/xuggler/StreamCoder.h" alt="" coords="245,161,523,188">
<area shape="rect" href="$Container_8h.html" title="csrc/com/xuggle/xuggler/Container.h" alt="" coords="47,238,300,265">
<area shape="rect" href="$VideoResampler_8cpp.html" title="csrc/com/xuggle/xuggler/VideoResampler.cpp" alt="" coords="1991,238,2300,265">
<area shape="rect" href="$VideoResampler_8h.html" title="csrc/com/xuggle/xuggler/VideoResampler.h" alt="" coords="4428,161,4721,188">
