<area shape="rect" href="$AtomicInteger_8h.html" title="csrc/com/xuggle/ferry/AtomicInteger.h" alt="" coords="284,84,548,111">
<area shape="rect" href="$AtomicInteger_8cpp.html" title="csrc/com/xuggle/ferry/AtomicInteger.cpp" alt="" coords="5,162,283,188">
<area shape="rect" href="$RefCounted_8cpp.html" title="csrc/com/xuggle/ferry/RefCounted.cpp" alt="" coords="549,162,811,188">
<area shape="rect" href="$JNIHelper_8cpp.html" title="csrc/com/xuggle/ferry/JNIHelper.cpp" alt="" coords="623,84,868,111">
<area shape="rect" href="$Logger_8cpp.html" title="csrc/com/xuggle/ferry/Logger.cpp" alt="" coords="892,84,1124,111">
<area shape="rect" href="$Mutex_8cpp.html" title="csrc/com/xuggle/ferry/Mutex.cpp" alt="" coords="1148,84,1375,111">
<area shape="rect" href="$Container_8cpp.html" title="csrc/com/xuggle/xuggler/Container.cpp" alt="" coords="1399,84,1665,111">
<area shape="rect" href="$Global_8cpp.html" title="csrc/com/xuggle/xuggler/Global.cpp" alt="" coords="1689,84,1937,111">
<area shape="rect" href="$FfmpegIO_8cpp.html" title="csrc/com/xuggle/xuggler/io/FfmpegIO.cpp" alt="" coords="1961,84,2244,111">
<area shape="rect" href="$URLProtocolHandler_8cpp.html" title="csrc/com/xuggle/xuggler/io/URLProtocolHandler.cpp" alt="" coords="2268,84,2615,111">
<area shape="rect" href="$URLProtocolManager_8cpp.html" title="csrc/com/xuggle/xuggler/io/URLProtocolManager.cpp" alt="" coords="2639,84,2993,111">
<area shape="rect" href="$Main_8cpp.html" title="csrc/com/xuggle/ferry/Main.cpp" alt="" coords="307,162,525,188">
