<area shape="rect" href="$Buffer_8cpp.html" title="csrc/com/xuggle/ferry/Buffer.cpp" alt="" coords="5,84,232,111">
<area shape="rect" href="$IBuffer_8cpp.html" title="csrc/com/xuggle/ferry/IBuffer.cpp" alt="" coords="256,84,485,111">
<area shape="rect" href="$Logger_8cpp.html" title="csrc/com/xuggle/ferry/Logger.cpp" alt="" coords="509,84,741,111">
<area shape="rect" href="$LoggerStack_8h.html" title="csrc/com/xuggle/ferry/LoggerStack.h" alt="" coords="765,84,1019,111">
<area shape="rect" href="$LoggerStack_8cpp.html" title="csrc/com/xuggle/ferry/LoggerStack.cpp" alt="" coords="839,162,1108,188">
<area shape="rect" href="$Main_8cpp.html" title="csrc/com/xuggle/ferry/Main.cpp" alt="" coords="1093,84,1312,111">
<area shape="rect" href="$AudioResampler_8cpp.html" title="csrc/com/xuggle/xuggler/AudioResampler.cpp" alt="" coords="1336,84,1645,111">
<area shape="rect" href="$AudioSamples_8cpp.html" title="csrc/com/xuggle/xuggler/AudioSamples.cpp" alt="" coords="1669,84,1968,111">
<area shape="rect" href="$Codec_8cpp.html" title="csrc/com/xuggle/xuggler/Codec.cpp" alt="" coords="1992,84,2240,111">
<area shape="rect" href="$Container_8cpp.html" title="csrc/com/xuggle/xuggler/Container.cpp" alt="" coords="2264,84,2531,111">
<area shape="rect" href="$Error_8cpp.html" title="csrc/com/xuggle/xuggler/Error.cpp" alt="" coords="2555,84,2792,111">
<area shape="rect" href="$Global_8cpp.html" title="csrc/com/xuggle/xuggler/Global.cpp" alt="" coords="2816,84,3064,111">
<area shape="rect" href="$IndexEntry_8cpp.html" title="csrc/com/xuggle/xuggler/IndexEntry.cpp" alt="" coords="3088,84,3360,111">
<area shape="rect" href="$URLProtocolHandler_8cpp.html" title="csrc/com/xuggle/xuggler/io/URLProtocolHandler.cpp" alt="" coords="3384,84,3731,111">
<area shape="rect" href="$IPixelFormat_8cpp.html" title="csrc/com/xuggle/xuggler/IPixelFormat.cpp" alt="" coords="3755,84,4040,111">
<area shape="rect" href="$IVideoPicture_8cpp.html" title="csrc/com/xuggle/xuggler/IVideoPicture.cpp" alt="" coords="4064,84,4355,111">
<area shape="rect" href="$MediaDataWrapper_8cpp.html" title="csrc/com/xuggle/xuggler/MediaDataWrapper.cpp" alt="" coords="4379,84,4707,111">
<area shape="rect" href="$Packet_8cpp.html" title="csrc/com/xuggle/xuggler/Packet.cpp" alt="" coords="4731,84,4979,111">
<area shape="rect" href="$Property_8cpp.html" title="csrc/com/xuggle/xuggler/Property.cpp" alt="" coords="5003,84,5261,111">
<area shape="rect" href="$Stream_8cpp.html" title="csrc/com/xuggle/xuggler/Stream.cpp" alt="" coords="5285,84,5541,111">
<area shape="rect" href="$StreamCoder_8cpp.html" title="csrc/com/xuggle/xuggler/StreamCoder.cpp" alt="" coords="5565,84,5856,111">
<area shape="rect" href="$VideoPicture_8cpp.html" title="csrc/com/xuggle/xuggler/VideoPicture.cpp" alt="" coords="5880,84,6168,111">
<area shape="rect" href="$VideoResampler_8cpp.html" title="csrc/com/xuggle/xuggler/VideoResampler.cpp" alt="" coords="6192,84,6501,111">
