<area shape="rect" href="$Logger_8h.html" title="com/xuggle/ferry/Logger.h" alt="" coords="56,84,243,110">
<area shape="rect" href="$Global_8h.html" title="com/xuggle/xuggler/Global.h" alt="" coords="853,84,1056,110">
<area shape="rect" href="$MediaDataWrapper_8h.html" title="com/xuggle/xuggler/MediaDataWrapper.h" alt="" coords="2468,316,2751,342">
<area shape="rect" href="$Ferry_8h.html" title="com/xuggle/ferry/Ferry.h" alt="" coords="575,702,748,729">
<area shape="rect" href="$Mutex_8h.html" title="com/xuggle/ferry/Mutex.h" alt="" coords="187,161,371,188">
<area shape="rect" href="$Xuggle_8h.html" title="com/xuggle/Xuggle.h" alt="" coords="652,780,807,806">
<area shape="rect" href="$RefCounted_8h.html" title="com/xuggle/ferry/RefCounted.h" alt="" coords="1847,625,2063,652">
<area shape="rect" href="$Xuggler_8h.html" title="com/xuggle/xuggler/Xuggler.h" alt="" coords="741,625,949,652">
<area shape="rect" href="$IContainer_8h.html" title="com/xuggle/xuggler/IContainer.h" alt="" coords="1216,161,1443,188">
<area shape="rect" href="$ICodec_8h.html" title="com/xuggle/xuggler/ICodec.h" alt="" coords="1269,316,1475,342">
<area shape="rect" href="$IRational_8h.html" title="com/xuggle/xuggler/IRational.h" alt="" coords="1285,548,1501,574">
<area shape="rect" href="$IAudioSamples_8h.html" title="com/xuggle/xuggler/IAudioSamples.h" alt="" coords="477,393,733,420">
<area shape="rect" href="$IContainerFormat_8h.html" title="com/xuggle/xuggler/IContainerFormat.h" alt="" coords="1344,238,1616,265">
<area shape="rect" href="$IVideoPicture_8h.html" title="com/xuggle/xuggler/IVideoPicture.h" alt="" coords="1168,393,1413,420">
<area shape="rect" href="$IAudioResampler_8h.html" title="com/xuggle/xuggler/IAudioResampler.h" alt="" coords="381,316,648,342">
<area shape="rect" href="$IVideoResampler_8h.html" title="com/xuggle/xuggler/IVideoResampler.h" alt="" coords="1741,316,2008,342">
<area shape="rect" href="$IMediaDataWrapper_8h.html" title="com/xuggle/xuggler/IMediaDataWrapper.h" alt="" coords="808,393,1093,420">
<area shape="rect" href="$IBuffer_8h.html" title="com/xuggle/ferry/IBuffer.h" alt="" coords="536,548,720,574">
<area shape="rect" href="$IContainerParameters_8h.html" title="com/xuggle/xuggler/IContainerParameters.h" alt="" coords="1396,470,1697,497">
<area shape="rect" href="$IStream_8h.html" title="com/xuggle/xuggler/IStream.h" alt="" coords="997,548,1211,574">
<area shape="rect" href="$IPacket_8h.html" title="com/xuggle/xuggler/IPacket.h" alt="" coords="195,393,403,420">
<area shape="rect" href="$IProperty_8h.html" title="com/xuggle/xuggler/IProperty.h" alt="" coords="1975,470,2191,497">
<area shape="rect" href="$IPixelFormat_8h.html" title="com/xuggle/xuggler/IPixelFormat.h" alt="" coords="1627,548,1867,574">
<area shape="rect" href="$IMediaData_8h.html" title="com/xuggle/xuggler/IMediaData.h" alt="" coords="732,470,967,497">
<area shape="rect" href="$RefPointer_8h.html" title="com/xuggle/ferry/RefPointer.h" alt="" coords="2477,470,2685,497">
