<area shape="rect" href="$Logger_8h.html" title="csrc/com/xuggle/ferry/Logger.h" alt="" coords="3017,84,3233,111">
<area shape="rect" href="$Main_8cpp.html" title="csrc/com/xuggle/ferry/Main.cpp" alt="" coords="5,161,224,188">
<area shape="rect" href="$Global_8cpp.html" title="csrc/com/xuggle/xuggler/Global.cpp" alt="" coords="6579,161,6827,188">
<area shape="rect" href="$Mutex_8cpp.html" title="csrc/com/xuggle/ferry/Mutex.cpp" alt="" coords="6432,84,6659,111">
<area shape="rect" href="$Global_8h.html" title="csrc/com/xuggle/xuggler/Global.h" alt="" coords="6125,84,6357,111">
<area shape="rect" href="$Buffer_8cpp.html" title="csrc/com/xuggle/ferry/Buffer.cpp" alt="" coords="1136,161,1363,188">
<area shape="rect" href="$IBuffer_8cpp.html" title="csrc/com/xuggle/ferry/IBuffer.cpp" alt="" coords="1387,161,1616,188">
<area shape="rect" href="$Logger_8cpp.html" title="csrc/com/xuggle/ferry/Logger.cpp" alt="" coords="1640,161,1872,188">
<area shape="rect" href="$LoggerStack_8h.html" title="csrc/com/xuggle/ferry/LoggerStack.h" alt="" coords="1947,161,2200,188">
<area shape="rect" href="$LoggerStack_8cpp.html" title="csrc/com/xuggle/ferry/LoggerStack.cpp" alt="" coords="1856,239,2125,265">
<area shape="rect" href="$AudioResampler_8cpp.html" title="csrc/com/xuggle/xuggler/AudioResampler.cpp" alt="" coords="5597,161,5907,188">
<area shape="rect" href="$AudioSamples_8cpp.html" title="csrc/com/xuggle/xuggler/AudioSamples.cpp" alt="" coords="5931,161,6229,188">
<area shape="rect" href="$Codec_8cpp.html" title="csrc/com/xuggle/xuggler/Codec.cpp" alt="" coords="3461,161,3709,188">
<area shape="rect" href="$Container_8cpp.html" title="csrc/com/xuggle/xuggler/Container.cpp" alt="" coords="3733,161,4000,188">
<area shape="rect" href="$Error_8cpp.html" title="csrc/com/xuggle/xuggler/Error.cpp" alt="" coords="2224,161,2461,188">
<area shape="rect" href="$IndexEntry_8cpp.html" title="csrc/com/xuggle/xuggler/IndexEntry.cpp" alt="" coords="2485,161,2757,188">
<area shape="rect" href="$URLProtocolHandler_8cpp.html" title="csrc/com/xuggle/xuggler/io/URLProtocolHandler.cpp" alt="" coords="2781,161,3128,188">
<area shape="rect" href="$IPixelFormat_8cpp.html" title="csrc/com/xuggle/xuggler/IPixelFormat.cpp" alt="" coords="3152,161,3437,188">
<area shape="rect" href="$IVideoPicture_8cpp.html" title="csrc/com/xuggle/xuggler/IVideoPicture.cpp" alt="" coords="4024,161,4315,188">
<area shape="rect" href="$MediaDataWrapper_8cpp.html" title="csrc/com/xuggle/xuggler/MediaDataWrapper.cpp" alt="" coords="4339,161,4667,188">
<area shape="rect" href="$Packet_8cpp.html" title="csrc/com/xuggle/xuggler/Packet.cpp" alt="" coords="248,161,496,188">
<area shape="rect" href="$Property_8cpp.html" title="csrc/com/xuggle/xuggler/Property.cpp" alt="" coords="520,161,779,188">
<area shape="rect" href="$Stream_8cpp.html" title="csrc/com/xuggle/xuggler/Stream.cpp" alt="" coords="4691,161,4947,188">
<area shape="rect" href="$StreamCoder_8cpp.html" title="csrc/com/xuggle/xuggler/StreamCoder.cpp" alt="" coords="4971,161,5261,188">
<area shape="rect" href="$VideoPicture_8cpp.html" title="csrc/com/xuggle/xuggler/VideoPicture.cpp" alt="" coords="5285,161,5573,188">
<area shape="rect" href="$VideoResampler_8cpp.html" title="csrc/com/xuggle/xuggler/VideoResampler.cpp" alt="" coords="803,161,1112,188">
<area shape="rect" href="$IAudioSamples_8cpp.html" title="csrc/com/xuggle/xuggler/IAudioSamples.cpp" alt="" coords="6253,161,6555,188">
<area shape="rect" href="$ICodec_8cpp.html" title="csrc/com/xuggle/xuggler/ICodec.cpp" alt="" coords="6851,161,7101,188">
<area shape="rect" href="$IContainer_8cpp.html" title="csrc/com/xuggle/xuggler/IContainer.cpp" alt="" coords="7125,161,7397,188">
<area shape="rect" href="$IContainerFormat_8cpp.html" title="csrc/com/xuggle/xuggler/IContainerFormat.cpp" alt="" coords="7421,161,7739,188">
<area shape="rect" href="$IMediaDataWrapper_8cpp.html" title="csrc/com/xuggle/xuggler/IMediaDataWrapper.cpp" alt="" coords="7763,161,8093,188">
<area shape="rect" href="$IPacket_8cpp.html" title="csrc/com/xuggle/xuggler/IPacket.cpp" alt="" coords="8117,161,8368,188">
<area shape="rect" href="$IRational_8cpp.html" title="csrc/com/xuggle/xuggler/IRational.cpp" alt="" coords="8392,161,8653,188">
<area shape="rect" href="$IStreamCoder_8cpp.html" title="csrc/com/xuggle/xuggler/IStreamCoder.cpp" alt="" coords="8677,161,8973,188">
<area shape="rect" href="$IVideoResampler_8cpp.html" title="csrc/com/xuggle/xuggler/IVideoResampler.cpp" alt="" coords="8997,161,9309,188">
