<area shape="rect" href="$RefPointer_8h.html" title="com/xuggle/ferry/RefPointer.h" alt="" coords="115,161,323,188">
<area shape="rect" href="$IPacket_8h.html" title="com/xuggle/xuggler/IPacket.h" alt="" coords="333,84,541,111">
<area shape="rect" href="$IBuffer_8h.html" title="com/xuggle/ferry/IBuffer.h" alt="" coords="5,239,189,265">
<area shape="rect" href="$RefCounted_8h.html" title="com/xuggle/ferry/RefCounted.h" alt="" coords="165,316,381,343">
<area shape="rect" href="$Ferry_8h.html" title="com/xuggle/ferry/Ferry.h" alt="" coords="31,393,204,420">
<area shape="rect" href="$Xuggle_8h.html" title="com/xuggle/Xuggle.h" alt="" coords="243,471,397,497">
<area shape="rect" href="$Xuggler_8h.html" title="com/xuggle/xuggler/Xuggler.h" alt="" coords="420,316,628,343">
<area shape="rect" href="$IMediaData_8h.html" title="com/xuggle/xuggler/IMediaData.h" alt="" coords="347,161,581,188">
<area shape="rect" href="$IRational_8h.html" title="com/xuggle/xuggler/IRational.h" alt="" coords="315,239,531,265">
