<area shape="rect" href="$Property_8h.html" title="com/xuggle/xuggler/Property.h" alt="" coords="729,84,943,111">
<area shape="rect" href="$FfmpegIncludes_8h.html" title="FfmpegIncludes.h" alt="" coords="1012,162,1145,188">
<area shape="rect" href="$Logger_8h.html" title="com/xuggle/ferry/Logger.h" alt="" coords="37,84,224,111">
<area shape="rect" href="$IProperty_8h.html" title="com/xuggle/xuggler/IProperty.h" alt="" coords="623,162,839,188">
<area shape="rect" href="$IRational_8h.html" title="com/xuggle/xuggler/IRational.h" alt="" coords="383,162,599,188">
<area shape="rect" href="$Xuggler_8h.html" title="com/xuggle/xuggler/Xuggler.h" alt="" coords="392,239,600,266">
<area shape="rect" href="$RefCounted_8h.html" title="com/xuggle/ferry/RefCounted.h" alt="" coords="152,239,368,266">
<area shape="rect" href="$Xuggle_8h.html" title="com/xuggle/Xuggle.h" alt="" coords="233,394,388,420">
<area shape="rect" href="$Ferry_8h.html" title="com/xuggle/ferry/Ferry.h" alt="" coords="48,316,221,343">
<area shape="rect" href="$Mutex_8h.html" title="com/xuggle/ferry/Mutex.h" alt="" coords="168,162,352,188">
