<area shape="rect" href="$IBuffer_8h.html" title="csrc/com/xuggle/ferry/IBuffer.h" alt="" coords="1816,84,2029,111">
<area shape="rect" href="$Global_8h.html" title="csrc/com/xuggle/xuggler/Global.h" alt="" coords="2609,548,2841,575">
<area shape="rect" href="$IAudioResampler_8h.html" title="csrc/com/xuggle/xuggler/IAudioResampler.h" alt="" coords="2011,316,2307,343">
<area shape="rect" href="$ICodec_8h.html" title="csrc/com/xuggle/xuggler/ICodec.h" alt="" coords="3085,316,3320,343">
<area shape="rect" href="$IContainer_8h.html" title="csrc/com/xuggle/xuggler/IContainer.h" alt="" coords="3615,471,3871,498">
<area shape="rect" href="$Container_8h.html" title="csrc/com/xuggle/xuggler/Container.h" alt="" coords="3255,548,3508,575">
<area shape="rect" href="$IContainerFormat_8h.html" title="csrc/com/xuggle/xuggler/IContainerFormat.h" alt="" coords="3643,394,3947,420">
<area shape="rect" href="$IStreamCoder_8h.html" title="csrc/com/xuggle/xuggler/IStreamCoder.h" alt="" coords="2917,394,3197,420">
<area shape="rect" href="$IMediaData_8h.html" title="csrc/com/xuggle/xuggler/IMediaData.h" alt="" coords="2325,162,2589,188">
<area shape="rect" href="$IVideoResampler_8h.html" title="csrc/com/xuggle/xuggler/IVideoResampler.h" alt="" coords="3323,394,3619,420">
<area shape="rect" href="$JNIMemoryManager_8cpp.html" title="csrc/com/xuggle/ferry/JNIMemoryManager.cpp" alt="" coords="4712,84,5024,111">
<area shape="rect" href="$Mutex_8h.html" title="csrc/com/xuggle/ferry/Mutex.h" alt="" coords="1073,471,1287,498">
<area shape="rect" href="$RefCounted_8cpp.html" title="csrc/com/xuggle/ferry/RefCounted.cpp" alt="" coords="5048,84,5309,111">
<area shape="rect" href="$RefCountedTester_8h.html" title="csrc/com/xuggle/ferry/RefCountedTester.h" alt="" coords="5333,84,5616,111">
<area shape="rect" href="$RefPointer_8h.html" title="csrc/com/xuggle/ferry/RefPointer.h" alt="" coords="1445,316,1683,343">
<area shape="rect" href="$IContainerParameters_8h.html" title="csrc/com/xuggle/xuggler/IContainerParameters.h" alt="" coords="3869,316,4200,343">
<area shape="rect" href="$IError_8h.html" title="csrc/com/xuggle/xuggler/IError.h" alt="" coords="5640,84,5864,111">
<area shape="rect" href="$IIndexEntry_8h.html" title="csrc/com/xuggle/xuggler/IIndexEntry.h" alt="" coords="4661,162,4920,188">
<area shape="rect" href="$IMetaData_8h.html" title="csrc/com/xuggle/xuggler/IMetaData.h" alt="" coords="4209,239,4468,266">
<area shape="rect" href="$IPixelFormat_8h.html" title="csrc/com/xuggle/xuggler/IPixelFormat.h" alt="" coords="3231,239,3500,266">
<area shape="rect" href="$IProperty_8h.html" title="csrc/com/xuggle/xuggler/IProperty.h" alt="" coords="3597,316,3845,343">
<area shape="rect" href="$IRational_8h.html" title="csrc/com/xuggle/xuggler/IRational.h" alt="" coords="2875,84,3120,111">
<area shape="rect" href="$IStream_8h.html" title="csrc/com/xuggle/xuggler/IStream.h" alt="" coords="4376,316,4619,343">
<area shape="rect" href="$ITimeValue_8h.html" title="csrc/com/xuggle/xuggler/ITimeValue.h" alt="" coords="5888,84,6149,111">
<area shape="rect" href="$Buffer_8h.html" title="csrc/com/xuggle/ferry/Buffer.h" alt="" coords="423,162,633,188">
<area shape="rect" href="$IBuffer_8cpp.html" title="csrc/com/xuggle/ferry/IBuffer.cpp" alt="" coords="5,626,235,652">
<area shape="rect" href="$AudioSamples_8h.html" title="csrc/com/xuggle/xuggler/AudioSamples.h" alt="" coords="1756,548,2039,575">
<area shape="rect" href="$Container_8cpp.html" title="csrc/com/xuggle/xuggler/Container.cpp" alt="" coords="2963,626,3229,652">
<area shape="rect" href="$IAudioSamples_8h.html" title="csrc/com/xuggle/xuggler/IAudioSamples.h" alt="" coords="2251,239,2539,266">
<area shape="rect" href="$StreamCoder_8h.html" title="csrc/com/xuggle/xuggler/StreamCoder.h" alt="" coords="3019,471,3296,498">
<area shape="rect" href="$VideoPicture_8h.html" title="csrc/com/xuggle/xuggler/VideoPicture.h" alt="" coords="1972,394,2244,420">
<area shape="rect" href="$IVideoPicture_8h.html" title="csrc/com/xuggle/xuggler/IVideoPicture.h" alt="" coords="2635,316,2909,343">
<area shape="rect" href="$IPixelFormat_8cpp.html" title="csrc/com/xuggle/xuggler/IPixelFormat.cpp" alt="" coords="259,626,544,652">
<area shape="rect" href="$Packet_8h.html" title="csrc/com/xuggle/xuggler/Packet.h" alt="" coords="2164,548,2399,575">
<area shape="rect" href="$AudioResampler_8cpp.html" title="csrc/com/xuggle/xuggler/AudioResampler.cpp" alt="" coords="1395,626,1704,652">
<area shape="rect" href="$AudioSamples_8cpp.html" title="csrc/com/xuggle/xuggler/AudioSamples.cpp" alt="" coords="1728,626,2027,652">
<area shape="rect" href="$Global_8cpp.html" title="csrc/com/xuggle/xuggler/Global.cpp" alt="" coords="2051,626,2299,652">
<area shape="rect" href="$IAudioSamples_8cpp.html" title="csrc/com/xuggle/xuggler/IAudioSamples.cpp" alt="" coords="2637,626,2939,652">
<area shape="rect" href="$StreamCoder_8cpp.html" title="csrc/com/xuggle/xuggler/StreamCoder.cpp" alt="" coords="2323,626,2613,652">
<area shape="rect" href="$Codec_8cpp.html" title="csrc/com/xuggle/xuggler/Codec.cpp" alt="" coords="1123,626,1371,652">
<area shape="rect" href="$IContainer_8cpp.html" title="csrc/com/xuggle/xuggler/IContainer.cpp" alt="" coords="3533,626,3805,652">
<area shape="rect" href="$Stream_8cpp.html" title="csrc/com/xuggle/xuggler/Stream.cpp" alt="" coords="3253,626,3509,652">
<area shape="rect" href="$VideoPicture_8cpp.html" title="csrc/com/xuggle/xuggler/VideoPicture.cpp" alt="" coords="811,626,1099,652">
<area shape="rect" href="$Logger_8h.html" title="csrc/com/xuggle/ferry/Logger.h" alt="" coords="1364,548,1580,575">
<area shape="rect" href="$Main_8cpp.html" title="csrc/com/xuggle/ferry/Main.cpp" alt="" coords="568,626,787,652">
<area shape="rect" href="$Mutex_8cpp.html" title="csrc/com/xuggle/ferry/Mutex.cpp" alt="" coords="1063,548,1289,575">
<area shape="rect" href="$RefCountedTester_8cpp.html" title="csrc/com/xuggle/ferry/RefCountedTester.cpp" alt="" coords="5325,162,5624,188">
<area shape="rect" href="$MediaDataWrapper_8h.html" title="csrc/com/xuggle/xuggler/MediaDataWrapper.h" alt="" coords="1311,471,1623,498">
<area shape="rect" href="$Stream_8h.html" title="csrc/com/xuggle/xuggler/Stream.h" alt="" coords="4095,394,4335,420">
