<area shape="rect" href="$AudioSamples_8h.html" title="csrc/com/xuggle/xuggler/AudioSamples.h" alt="" coords="337,161,620,188">
<area shape="rect" href="$StreamCoder_8cpp.html" title="csrc/com/xuggle/xuggler/StreamCoder.cpp" alt="" coords="2044,238,2335,265">
<area shape="rect" href="$Codec_8cpp.html" title="csrc/com/xuggle/xuggler/Codec.cpp" alt="" coords="1705,84,1953,110">
<area shape="rect" href="$Container_8h.html" title="csrc/com/xuggle/xuggler/Container.h" alt="" coords="3479,238,3732,265">
<area shape="rect" href="$Stream_8cpp.html" title="csrc/com/xuggle/xuggler/Stream.cpp" alt="" coords="2892,316,3148,342">
<area shape="rect" href="$MediaDataWrapper_8h.html" title="csrc/com/xuggle/xuggler/MediaDataWrapper.h" alt="" coords="1108,84,1420,110">
<area shape="rect" href="$Packet_8h.html" title="csrc/com/xuggle/xuggler/Packet.h" alt="" coords="2615,161,2849,188">
<area shape="rect" href="$IPixelFormat_8cpp.html" title="csrc/com/xuggle/xuggler/IPixelFormat.cpp" alt="" coords="2564,84,2849,110">
<area shape="rect" href="$StreamCoder_8h.html" title="csrc/com/xuggle/xuggler/StreamCoder.h" alt="" coords="2957,161,3235,188">
<area shape="rect" href="$VideoPicture_8h.html" title="csrc/com/xuggle/xuggler/VideoPicture.h" alt="" coords="1977,84,2249,110">
<area shape="rect" href="$VideoPicture_8cpp.html" title="csrc/com/xuggle/xuggler/VideoPicture.cpp" alt="" coords="2151,161,2439,188">
<area shape="rect" href="$Stream_8h.html" title="csrc/com/xuggle/xuggler/Stream.h" alt="" coords="3321,84,3561,110">
<area shape="rect" href="$AudioResampler_8cpp.html" title="csrc/com/xuggle/xuggler/AudioResampler.cpp" alt="" coords="653,238,963,265">
<area shape="rect" href="$AudioSamples_8cpp.html" title="csrc/com/xuggle/xuggler/AudioSamples.cpp" alt="" coords="5,238,304,265">
<area shape="rect" href="$Global_8cpp.html" title="csrc/com/xuggle/xuggler/Global.cpp" alt="" coords="1265,316,1513,342">
<area shape="rect" href="$IAudioSamples_8cpp.html" title="csrc/com/xuggle/xuggler/IAudioSamples.cpp" alt="" coords="328,238,629,265">
<area shape="rect" href="$Container_8cpp.html" title="csrc/com/xuggle/xuggler/Container.cpp" alt="" coords="3325,316,3592,342">
<area shape="rect" href="$IContainer_8cpp.html" title="csrc/com/xuggle/xuggler/IContainer.cpp" alt="" coords="3616,316,3888,342">
<area shape="rect" href="$IMediaDataWrapper_8cpp.html" title="csrc/com/xuggle/xuggler/IMediaDataWrapper.cpp" alt="" coords="644,161,975,188">
<area shape="rect" href="$MediaDataWrapper_8cpp.html" title="csrc/com/xuggle/xuggler/MediaDataWrapper.cpp" alt="" coords="999,161,1327,188">
<area shape="rect" href="$IPacket_8cpp.html" title="csrc/com/xuggle/xuggler/IPacket.cpp" alt="" coords="2460,238,2711,265">
<area shape="rect" href="$Packet_8cpp.html" title="csrc/com/xuggle/xuggler/Packet.cpp" alt="" coords="2735,238,2983,265">
<area shape="rect" href="$IStreamCoder_8cpp.html" title="csrc/com/xuggle/xuggler/IStreamCoder.cpp" alt="" coords="3108,238,3404,265">
<area shape="rect" href="$IVideoPicture_8cpp.html" title="csrc/com/xuggle/xuggler/IVideoPicture.cpp" alt="" coords="1452,161,1743,188">
<area shape="rect" href="$VideoResampler_8cpp.html" title="csrc/com/xuggle/xuggler/VideoResampler.cpp" alt="" coords="1767,161,2076,188">
