<area shape="rect" href="$Logger_8h.html" title="com/xuggle/ferry/Logger.h" alt="" coords="4440,114,4627,140">
<area shape="rect" href="$RefPointer_8h.html" title="com/xuggle/ferry/RefPointer.h" alt="" coords="1477,346,1685,372">
<area shape="rect" href="$Global_8h.html" title="com/xuggle/xuggler/Global.h" alt="" coords="3327,114,3529,140">
<area shape="rect" href="$StreamCoder_8h.html" title="com/xuggle/xuggler/StreamCoder.h" alt="" coords="1740,191,1988,218">
<area shape="rect" href="$Codec_8h.html" title="com/xuggle/xuggler/Codec.h" alt="" coords="2485,191,2688,218">
<area shape="rect" href="$Rational_8h.html" title="com/xuggle/xuggler/Rational.h" alt="" coords="1581,268,1795,295">
<area shape="rect" href="$AudioSamples_8h.html" title="com/xuggle/xuggler/AudioSamples.h" alt="" coords="4191,268,4444,295">
<area shape="rect" href="$VideoPicture_8h.html" title="com/xuggle/xuggler/VideoPicture.h" alt="" coords="2248,268,2491,295">
<area shape="rect" href="$Packet_8h.html" title="com/xuggle/xuggler/Packet.h" alt="" coords="1869,268,2072,295">
<area shape="rect" href="$Property_8h.html" title="com/xuggle/xuggler/Property.h" alt="" coords="1139,346,1352,372">
<area shape="rect" href="$Ferry_8h.html" title="com/xuggle/ferry/Ferry.h" alt="" coords="3416,732,3589,759">
<area shape="rect" href="$Mutex_8h.html" title="com/xuggle/ferry/Mutex.h" alt="" coords="4119,191,4303,218">
<area shape="rect" href="$Xuggle_8h.html" title="com/xuggle/Xuggle.h" alt="" coords="3283,810,3437,836">
<area shape="rect" href="$RefCounted_8h.html" title="com/xuggle/ferry/RefCounted.h" alt="" coords="1885,655,2101,682">
<area shape="rect" href="$Xuggler_8h.html" title="com/xuggle/xuggler/Xuggler.h" alt="" coords="3035,655,3243,682">
<area shape="rect" href="$IContainer_8h.html" title="com/xuggle/xuggler/IContainer.h" alt="" coords="3015,191,3241,218">
<area shape="rect" href="$ICodec_8h.html" title="com/xuggle/xuggler/ICodec.h" alt="" coords="2835,346,3040,372">
<area shape="rect" href="$IRational_8h.html" title="com/xuggle/xuggler/IRational.h" alt="" coords="2317,578,2533,604">
<area shape="rect" href="$IAudioSamples_8h.html" title="com/xuggle/xuggler/IAudioSamples.h" alt="" coords="3299,423,3555,450">
<area shape="rect" href="$IContainerFormat_8h.html" title="com/xuggle/xuggler/IContainerFormat.h" alt="" coords="2992,268,3264,295">
<area shape="rect" href="$IVideoPicture_8h.html" title="com/xuggle/xuggler/IVideoPicture.h" alt="" coords="3579,423,3824,450">
<area shape="rect" href="$IAudioResampler_8h.html" title="com/xuggle/xuggler/IAudioResampler.h" alt="" coords="3115,346,3381,372">
<area shape="rect" href="$IVideoResampler_8h.html" title="com/xuggle/xuggler/IVideoResampler.h" alt="" coords="3405,346,3672,372">
<area shape="rect" href="$IMediaDataWrapper_8h.html" title="com/xuggle/xuggler/IMediaDataWrapper.h" alt="" coords="4253,423,4539,450">
<area shape="rect" href="$IBuffer_8h.html" title="com/xuggle/ferry/IBuffer.h" alt="" coords="3792,578,3976,604">
<area shape="rect" href="$IContainerParameters_8h.html" title="com/xuggle/xuggler/IContainerParameters.h" alt="" coords="2461,423,2763,450">
<area shape="rect" href="$IStream_8h.html" title="com/xuggle/xuggler/IStream.h" alt="" coords="1616,578,1829,604">
<area shape="rect" href="$IPacket_8h.html" title="com/xuggle/xuggler/IPacket.h" alt="" coords="2501,346,2709,372">
<area shape="rect" href="$IProperty_8h.html" title="com/xuggle/xuggler/IProperty.h" alt="" coords="1867,423,2083,450">
<area shape="rect" href="$IPixelFormat_8h.html" title="com/xuggle/xuggler/IPixelFormat.h" alt="" coords="2811,500,3051,527">
<area shape="rect" href="$IMediaData_8h.html" title="com/xuggle/xuggler/IMediaData.h" alt="" coords="3429,500,3664,527">
<area shape="rect" href="$IStreamCoder_8h.html" title="com/xuggle/xuggler/IStreamCoder.h" alt="" coords="2565,268,2816,295">
<area shape="rect" href="$Stream_8h.html" title="com/xuggle/xuggler/Stream.h" alt="" coords="1245,268,1456,295">
<area shape="rect" href="$IMetaData_8h.html" title="com/xuggle/xuggler/IMetaData.h" alt="" coords="1365,578,1592,604">
<area shape="rect" href="$FfmpegIncludes_8h.html" title="FfmpegIncludes.h" alt="" coords="533,423,667,450">
