<area shape="rect" href="$Logger_8h.html" title="com/xuggle/ferry/Logger.h" alt="" coords="187,84,373,111">
<area shape="rect" href="$RefPointer_8h.html" title="com/xuggle/ferry/RefPointer.h" alt="" coords="467,316,675,343">
<area shape="rect" href="$Global_8h.html" title="com/xuggle/xuggler/Global.h" alt="" coords="2780,84,2983,111">
<area shape="rect" href="$Stream_8h.html" title="com/xuggle/xuggler/Stream.h" alt="" coords="1179,239,1389,265">
<area shape="rect" href="$Rational_8h.html" title="com/xuggle/xuggler/Rational.h" alt="" coords="1661,239,1875,265">
<area shape="rect" href="$StreamCoder_8h.html" title="com/xuggle/xuggler/StreamCoder.h" alt="" coords="805,161,1053,188">
<area shape="rect" href="$Container_8h.html" title="com/xuggle/xuggler/Container.h" alt="" coords="1063,84,1287,111">
<area shape="rect" href="$MetaData_8h.html" title="com/xuggle/xuggler/MetaData.h" alt="" coords="1413,239,1637,265">
<area shape="rect" href="$Packet_8h.html" title="com/xuggle/xuggler/Packet.h" alt="" coords="800,239,1003,265">
<area shape="rect" href="$IIndexEntry_8h.html" title="com/xuggle/xuggler/IIndexEntry.h" alt="" coords="3367,471,3596,497">
<area shape="rect" href="$FfmpegIncludes_8h.html" title="FfmpegIncludes.h" alt="" coords="4128,84,4261,111">
<area shape="rect" href="$Ferry_8h.html" title="com/xuggle/ferry/Ferry.h" alt="" coords="1231,625,1404,652">
<area shape="rect" href="$Mutex_8h.html" title="com/xuggle/ferry/Mutex.h" alt="" coords="339,161,523,188">
<area shape="rect" href="$Xuggle_8h.html" title="com/xuggle/Xuggle.h" alt="" coords="1937,703,2092,729">
<area shape="rect" href="$RefCounted_8h.html" title="com/xuggle/ferry/RefCounted.h" alt="" coords="1499,548,1715,575">
<area shape="rect" href="$Xuggler_8h.html" title="com/xuggle/xuggler/Xuggler.h" alt="" coords="2924,548,3132,575">
<area shape="rect" href="$IContainer_8h.html" title="com/xuggle/xuggler/IContainer.h" alt="" coords="2324,161,2551,188">
<area shape="rect" href="$ICodec_8h.html" title="com/xuggle/xuggler/ICodec.h" alt="" coords="2933,316,3139,343">
<area shape="rect" href="$IRational_8h.html" title="com/xuggle/xuggler/IRational.h" alt="" coords="2848,471,3064,497">
<area shape="rect" href="$IAudioSamples_8h.html" title="com/xuggle/xuggler/IAudioSamples.h" alt="" coords="3137,393,3393,420">
<area shape="rect" href="$IContainerFormat_8h.html" title="com/xuggle/xuggler/IContainerFormat.h" alt="" coords="2900,239,3172,265">
<area shape="rect" href="$IVideoPicture_8h.html" title="com/xuggle/xuggler/IVideoPicture.h" alt="" coords="2087,393,2332,420">
<area shape="rect" href="$IAudioResampler_8h.html" title="com/xuggle/xuggler/IAudioResampler.h" alt="" coords="3228,316,3495,343">
<area shape="rect" href="$IVideoResampler_8h.html" title="com/xuggle/xuggler/IVideoResampler.h" alt="" coords="1883,316,2149,343">
<area shape="rect" href="$IMediaDataWrapper_8h.html" title="com/xuggle/xuggler/IMediaDataWrapper.h" alt="" coords="3823,393,4108,420">
<area shape="rect" href="$IBuffer_8h.html" title="com/xuggle/ferry/IBuffer.h" alt="" coords="769,471,953,497">
<area shape="rect" href="$IContainerParameters_8h.html" title="com/xuggle/xuggler/IContainerParameters.h" alt="" coords="2508,393,2809,420">
<area shape="rect" href="$IStream_8h.html" title="com/xuggle/xuggler/IStream.h" alt="" coords="1356,393,1569,420">
<area shape="rect" href="$IPacket_8h.html" title="com/xuggle/xuggler/IPacket.h" alt="" coords="2491,316,2699,343">
<area shape="rect" href="$IProperty_8h.html" title="com/xuggle/xuggler/IProperty.h" alt="" coords="1695,393,1911,420">
<area shape="rect" href="$IPixelFormat_8h.html" title="com/xuggle/xuggler/IPixelFormat.h" alt="" coords="2089,471,2329,497">
<area shape="rect" href="$IMetaData_8h.html" title="com/xuggle/xuggler/IMetaData.h" alt="" coords="1204,471,1431,497">
<area shape="rect" href="$IStreamCoder_8h.html" title="com/xuggle/xuggler/IStreamCoder.h" alt="" coords="2267,239,2517,265">
