<area shape="rect" href="$RefPointer_8h.html" title="com/xuggle/ferry/RefPointer.h" alt="" coords="1700,394,1908,420">
<area shape="rect" href="$IStreamCoder_8h.html" title="com/xuggle/xuggler/IStreamCoder.h" alt="" coords="896,84,1147,111">
<area shape="rect" href="$IBuffer_8h.html" title="com/xuggle/ferry/IBuffer.h" alt="" coords="220,394,404,420">
<area shape="rect" href="$Stream_8h.html" title="com/xuggle/xuggler/Stream.h" alt="" coords="1407,316,1617,343">
<area shape="rect" href="$RefCounted_8h.html" title="com/xuggle/ferry/RefCounted.h" alt="" coords="1040,471,1256,498">
<area shape="rect" href="$Ferry_8h.html" title="com/xuggle/ferry/Ferry.h" alt="" coords="429,548,603,575">
<area shape="rect" href="$Xuggle_8h.html" title="com/xuggle/Xuggle.h" alt="" coords="500,626,655,652">
<area shape="rect" href="$Xuggler_8h.html" title="com/xuggle/xuggler/Xuggler.h" alt="" coords="536,471,744,498">
<area shape="rect" href="$ICodec_8h.html" title="com/xuggle/xuggler/ICodec.h" alt="" coords="844,162,1049,188">
<area shape="rect" href="$IRational_8h.html" title="com/xuggle/xuggler/IRational.h" alt="" coords="631,394,847,420">
<area shape="rect" href="$IPixelFormat_8h.html" title="com/xuggle/xuggler/IPixelFormat.h" alt="" coords="869,316,1109,343">
<area shape="rect" href="$IAudioSamples_8h.html" title="com/xuggle/xuggler/IAudioSamples.h" alt="" coords="325,239,581,266">
<area shape="rect" href="$IVideoPicture_8h.html" title="com/xuggle/xuggler/IVideoPicture.h" alt="" coords="605,239,851,266">
<area shape="rect" href="$IPacket_8h.html" title="com/xuggle/xuggler/IPacket.h" alt="" coords="93,239,301,266">
<area shape="rect" href="$IProperty_8h.html" title="com/xuggle/xuggler/IProperty.h" alt="" coords="921,394,1137,420">
<area shape="rect" href="$IMediaData_8h.html" title="com/xuggle/xuggler/IMediaData.h" alt="" coords="343,316,577,343">
<area shape="rect" href="$IStream_8h.html" title="com/xuggle/xuggler/IStream.h" alt="" coords="1161,394,1375,420">
<area shape="rect" href="$IMetaData_8h.html" title="com/xuggle/xuggler/IMetaData.h" alt="" coords="1399,394,1625,420">
