<area shape="rect" href="$IVideoResampler_8h.html" title="com/xuggle/xuggler/IVideoResampler.h" alt="" coords="456,84,723,110">
<area shape="rect" href="$RefCounted_8h.html" title="com/xuggle/ferry/RefCounted.h" alt="" coords="284,393,500,420">
<area shape="rect" href="$Xuggler_8h.html" title="com/xuggle/xuggler/Xuggler.h" alt="" coords="617,393,825,420">
<area shape="rect" href="$IPixelFormat_8h.html" title="com/xuggle/xuggler/IPixelFormat.h" alt="" coords="468,238,708,265">
<area shape="rect" href="$IVideoPicture_8h.html" title="com/xuggle/xuggler/IVideoPicture.h" alt="" coords="307,161,552,188">
<area shape="rect" href="$IProperty_8h.html" title="com/xuggle/xuggler/IProperty.h" alt="" coords="625,316,841,342">
<area shape="rect" href="$Ferry_8h.html" title="com/xuggle/ferry/Ferry.h" alt="" coords="153,470,327,497">
<area shape="rect" href="$Xuggle_8h.html" title="com/xuggle/Xuggle.h" alt="" coords="381,548,536,574">
<area shape="rect" href="$IMediaData_8h.html" title="com/xuggle/xuggler/IMediaData.h" alt="" coords="157,238,392,265">
<area shape="rect" href="$IBuffer_8h.html" title="com/xuggle/ferry/IBuffer.h" alt="" coords="25,316,209,342">
<area shape="rect" href="$IRational_8h.html" title="com/xuggle/xuggler/IRational.h" alt="" coords="284,316,500,342">
